// Jest Snapshot v1, https://goo.gl/fbAQLP

exports[`Login Page Render Test 1`] = `
<div
  className="box-layout"
>
  <div
    className="box-layout__box"
  >
    <h1
      className="box-layout__title"
    >
      Expensify App
    </h1>
    <p>
      The expense tracking app!
    </p>
    <button
      className="button"
      onClick="Boop"
    >
      Login with Google
    </button>
  </div>
</div>
`;
