// Jest Snapshot v1, https://goo.gl/fbAQLP

exports[`NotFoundPage Success 1`] = `
<div>
  404 Error! 
  <Link
    to="/"
  >
    Go Home
  </Link>
</div>
`;
